{
  "aio": {
    "master": {
      "uncompressed": {
        "runtime": 4330,
        "main": 451922,
        "polyfills": 37123,
        "styles": 70394,
        "light-theme": 77232,
        "dark-theme": 77356
      }
    }
  },
  "aio-local": {
    "master": {
      "uncompressed": {
        "runtime": 4343,
        "main": 451244,
        "polyfills": 37297,
        "styles": 70379,
        "light-theme": 77582,
        "dark-theme": 77711
      }
    }
  }
}